2025-03-15 12:28:19.518 [main] INFO  com.alibaba.nacos.client.logging.NacosLogging Line:52  - Nacos Logging Adapter Builder: com.alibaba.nacos.logger.adapter.logback12.LogbackNacosLoggingAdapterBuilder
2025-03-15 12:28:19.523 [main] INFO  com.alibaba.nacos.client.logging.NacosLogging Line:52  - Nacos Logging Adapter Builder: com.alibaba.nacos.logger.adapter.logback14.LogbackNacosLoggingAdapterBuilder
2025-03-15 12:28:19.524 [main] INFO  com.alibaba.nacos.client.logging.NacosLogging Line:55  - Nacos Logging Adapter: com.alibaba.nacos.logger.adapter.logback14.LogbackNacosLoggingAdapter match ch.qos.logback.classic.Logger success.
2025-03-15 12:28:19.535 [main] INFO  com.alibaba.nacos.client.logging.NacosLogging Line:52  - Nacos Logging Adapter Builder: com.alibaba.nacos.logger.adapter.log4j2.Log4j2NacosLoggingAdapterBuilder
2025-03-15 12:28:19.659 [main] INFO  com.alibaba.cloud.ai.application.SpringAIIntegrationApplication Line:50  - Starting SpringAIIntegrationApplication using Java 17.0.2 with PID 38511 (/Users/ken/aliware/mse/ai/spring-ai-alibaba-examples/spring-ai-alibaba-integration-example/backend/target/app.jar started by ken in /Users/ken/aliware/mse/ai/spring-ai-alibaba-examples/spring-ai-alibaba-integration-example)
2025-03-15 12:28:19.660 [main] INFO  com.alibaba.cloud.ai.application.SpringAIIntegrationApplication Line:660 - The following 1 profile is active: "dev"
2025-03-15 12:28:20.430 [main] INFO  org.springframework.data.repository.config.RepositoryConfigurationDelegate Line:143 - Bootstrapping Spring Data JPA repositories in DEFAULT mode.
2025-03-15 12:28:20.592 [main] INFO  org.springframework.data.repository.config.RepositoryConfigurationDelegate Line:211 - Finished Spring Data repository scanning in 153 ms. Found 1 JPA repository interface.
2025-03-15 12:28:20.765 [main] WARN  org.springframework.context.support.PostProcessorRegistrationDelegate$BeanPostProcessorChecker Line:429 - Bean 'com.alibaba.cloud.nacos.NacosConfigAutoConfiguration' of type [com.alibaba.cloud.nacos.NacosConfigAutoConfiguration] is not eligible for getting processed by all BeanPostProcessors (for example: not eligible for auto-proxying). The currently created BeanPostProcessor [nacosAnnotationProcessor] is declared through a non-static factory method on that class; consider declaring it as static instead.
2025-03-15 12:28:20.775 [main] WARN  org.springframework.context.support.PostProcessorRegistrationDelegate$BeanPostProcessorChecker Line:437 - Bean 'nacosConfigProperties' of type [com.alibaba.cloud.nacos.NacosConfigProperties] is not eligible for getting processed by all BeanPostProcessors (for example: not eligible for auto-proxying). Is this bean getting eagerly injected into a currently created BeanPostProcessor [nacosAnnotationProcessor]? Check the corresponding BeanPostProcessor declaration and its dependencies.
2025-03-15 12:28:20.837 [main] INFO  com.alibaba.nacos.plugin.auth.spi.client.ClientAuthPluginManager Line:56  - [ClientAuthPluginManager] Load ClientAuthService com.alibaba.nacos.client.auth.impl.NacosClientAuthServiceImpl success.
2025-03-15 12:28:20.837 [main] INFO  com.alibaba.nacos.plugin.auth.spi.client.ClientAuthPluginManager Line:56  - [ClientAuthPluginManager] Load ClientAuthService com.alibaba.nacos.client.auth.ram.RamClientAuthServiceImpl success.
2025-03-15 12:28:20.838 [main] WARN  org.springframework.context.support.PostProcessorRegistrationDelegate$BeanPostProcessorChecker Line:437 - Bean 'nacosConfigManager' of type [com.alibaba.cloud.nacos.NacosConfigManager] is not eligible for getting processed by all BeanPostProcessors (for example: not eligible for auto-proxying). Is this bean getting eagerly injected into a currently created BeanPostProcessor [nacosAnnotationProcessor]? Check the corresponding BeanPostProcessor declaration and its dependencies.
2025-03-15 12:28:21.245 [main] INFO  org.springframework.boot.web.embedded.tomcat.TomcatWebServer Line:111 - Tomcat initialized with port 8080 (http)
2025-03-15 12:28:21.252 [main] INFO  org.apache.coyote.http11.Http11NioProtocol Line:173 - Initializing ProtocolHandler ["http-nio-8080"]
2025-03-15 12:28:21.254 [main] INFO  org.apache.catalina.core.StandardService Line:173 - Starting service [Tomcat]
2025-03-15 12:28:21.254 [main] INFO  org.apache.catalina.core.StandardEngine Line:173 - Starting Servlet engine: [Apache Tomcat/10.1.28]
2025-03-15 12:28:21.283 [main] INFO  org.apache.catalina.core.ContainerBase.[Tomcat].[localhost].[/] Line:173 - Initializing Spring embedded WebApplicationContext
2025-03-15 12:28:21.284 [main] INFO  org.springframework.boot.web.servlet.context.ServletWebServerApplicationContext Line:296 - Root WebApplicationContext: initialization completed in 1595 ms
2025-03-15 12:28:21.457 [main] INFO  org.hibernate.jpa.internal.util.LogHelper Line:31  - HHH000204: Processing PersistenceUnitInfo [name: default]
2025-03-15 12:28:21.555 [main] INFO  org.hibernate.Version Line:44  - HHH000412: Hibernate ORM core version 6.5.2.Final
2025-03-15 12:28:21.601 [main] INFO  org.hibernate.cache.internal.RegionFactoryInitiator Line:50  - HHH000026: Second-level cache disabled
2025-03-15 12:28:22.081 [main] INFO  org.springframework.orm.jpa.persistenceunit.SpringPersistenceUnitInfo Line:87  - No LoadTimeWeaver setup: ignoring JPA class transformer
2025-03-15 12:28:23.258 [main] INFO  org.hibernate.engine.transaction.jta.platform.internal.JtaPlatformInitiator Line:59  - HHH000489: No JTA platform available (set 'hibernate.transaction.jta.platform' to enable JTA platform integration)
2025-03-15 12:28:23.280 [main] INFO  com.zaxxer.hikari.HikariDataSource Line:109 - HikariPool-1 - Starting...
2025-03-15 12:28:24.315 [main] WARN  org.hibernate.engine.jdbc.spi.SqlExceptionHelper Line:145 - SQL Error: 0, SQLState: null
2025-03-15 12:28:24.316 [main] ERROR org.hibernate.engine.jdbc.spi.SqlExceptionHelper Line:150 - path to 'spring-ai-alibaba-integration-example/backend/src/main/resources/db/user.db': '/Users/ken/aliware/mse/ai/spring-ai-alibaba-examples/spring-ai-alibaba-integration-example/spring-ai-alibaba-integration-example' does not exist
2025-03-15 12:28:24.325 [main] ERROR org.springframework.orm.jpa.LocalContainerEntityManagerFactoryBean Line:426 - Failed to initialize JPA EntityManagerFactory: [PersistenceUnit: default] Unable to build Hibernate SessionFactory; nested exception is org.hibernate.exception.GenericJDBCException: Unable to open JDBC Connection for DDL execution [path to 'spring-ai-alibaba-integration-example/backend/src/main/resources/db/user.db': '/Users/ken/aliware/mse/ai/spring-ai-alibaba-examples/spring-ai-alibaba-integration-example/spring-ai-alibaba-integration-example' does not exist] [n/a]
2025-03-15 12:28:24.325 [main] WARN  org.springframework.boot.web.servlet.context.AnnotationConfigServletWebServerApplicationContext Line:633 - Exception encountered during context initialization - cancelling refresh attempt: org.springframework.beans.factory.BeanCreationException: Error creating bean with name 'entityManagerFactory' defined in class path resource [org/springframework/boot/autoconfigure/orm/jpa/HibernateJpaConfiguration.class]: [PersistenceUnit: default] Unable to build Hibernate SessionFactory; nested exception is org.hibernate.exception.GenericJDBCException: Unable to open JDBC Connection for DDL execution [path to 'spring-ai-alibaba-integration-example/backend/src/main/resources/db/user.db': '/Users/ken/aliware/mse/ai/spring-ai-alibaba-examples/spring-ai-alibaba-integration-example/spring-ai-alibaba-integration-example' does not exist] [n/a]
2025-03-15 12:28:24.326 [main] INFO  org.apache.catalina.core.StandardService Line:173 - Stopping service [Tomcat]
2025-03-15 12:28:24.340 [main] INFO  org.springframework.boot.autoconfigure.logging.ConditionEvaluationReportLogger Line:82  - 

Error starting ApplicationContext. To display the condition evaluation report re-run your application with 'debug' enabled.
2025-03-15 12:28:24.359 [main] ERROR org.springframework.boot.SpringApplication Line:859 - Application run failed
org.springframework.beans.factory.BeanCreationException: Error creating bean with name 'entityManagerFactory' defined in class path resource [org/springframework/boot/autoconfigure/orm/jpa/HibernateJpaConfiguration.class]: [PersistenceUnit: default] Unable to build Hibernate SessionFactory; nested exception is org.hibernate.exception.GenericJDBCException: Unable to open JDBC Connection for DDL execution [path to 'spring-ai-alibaba-integration-example/backend/src/main/resources/db/user.db': '/Users/ken/aliware/mse/ai/spring-ai-alibaba-examples/spring-ai-alibaba-integration-example/spring-ai-alibaba-integration-example' does not exist] [n/a]
	at org.springframework.beans.factory.support.AbstractAutowireCapableBeanFactory.initializeBean(AbstractAutowireCapableBeanFactory.java:1806)
	at org.springframework.beans.factory.support.AbstractAutowireCapableBeanFactory.doCreateBean(AbstractAutowireCapableBeanFactory.java:600)
	at org.springframework.beans.factory.support.AbstractAutowireCapableBeanFactory.createBean(AbstractAutowireCapableBeanFactory.java:522)
	at org.springframework.beans.factory.support.AbstractBeanFactory.lambda$doGetBean$0(AbstractBeanFactory.java:337)
	at org.springframework.beans.factory.support.DefaultSingletonBeanRegistry.getSingleton(DefaultSingletonBeanRegistry.java:234)
	at org.springframework.beans.factory.support.AbstractBeanFactory.doGetBean(AbstractBeanFactory.java:335)
	at org.springframework.beans.factory.support.AbstractBeanFactory.getBean(AbstractBeanFactory.java:205)
	at org.springframework.context.support.AbstractApplicationContext.finishBeanFactoryInitialization(AbstractApplicationContext.java:954)
	at org.springframework.context.support.AbstractApplicationContext.refresh(AbstractApplicationContext.java:625)
	at org.springframework.boot.web.servlet.context.ServletWebServerApplicationContext.refresh(ServletWebServerApplicationContext.java:146)
	at org.springframework.boot.SpringApplication.refresh(SpringApplication.java:754)
	at org.springframework.boot.SpringApplication.refreshContext(SpringApplication.java:456)
	at org.springframework.boot.SpringApplication.run(SpringApplication.java:335)
	at org.springframework.boot.SpringApplication.run(SpringApplication.java:1363)
	at org.springframework.boot.SpringApplication.run(SpringApplication.java:1352)
	at com.alibaba.cloud.ai.application.SpringAIIntegrationApplication.main(SpringAIIntegrationApplication.java:36)
	at java.base/jdk.internal.reflect.NativeMethodAccessorImpl.invoke0(Native Method)
	at java.base/jdk.internal.reflect.NativeMethodAccessorImpl.invoke(NativeMethodAccessorImpl.java:77)
	at java.base/jdk.internal.reflect.DelegatingMethodAccessorImpl.invoke(DelegatingMethodAccessorImpl.java:43)
	at java.base/java.lang.reflect.Method.invoke(Method.java:568)
	at org.springframework.boot.loader.launch.Launcher.launch(Launcher.java:102)
	at org.springframework.boot.loader.launch.Launcher.launch(Launcher.java:64)
	at org.springframework.boot.loader.launch.JarLauncher.main(JarLauncher.java:40)
Caused by: jakarta.persistence.PersistenceException: [PersistenceUnit: default] Unable to build Hibernate SessionFactory; nested exception is org.hibernate.exception.GenericJDBCException: Unable to open JDBC Connection for DDL execution [path to 'spring-ai-alibaba-integration-example/backend/src/main/resources/db/user.db': '/Users/ken/aliware/mse/ai/spring-ai-alibaba-examples/spring-ai-alibaba-integration-example/spring-ai-alibaba-integration-example' does not exist] [n/a]
	at org.springframework.orm.jpa.AbstractEntityManagerFactoryBean.buildNativeEntityManagerFactory(AbstractEntityManagerFactoryBean.java:421)
	at org.springframework.orm.jpa.AbstractEntityManagerFactoryBean.afterPropertiesSet(AbstractEntityManagerFactoryBean.java:396)
	at org.springframework.orm.jpa.LocalContainerEntityManagerFactoryBean.afterPropertiesSet(LocalContainerEntityManagerFactoryBean.java:366)
	at org.springframework.beans.factory.support.AbstractAutowireCapableBeanFactory.invokeInitMethods(AbstractAutowireCapableBeanFactory.java:1853)
	at org.springframework.beans.factory.support.AbstractAutowireCapableBeanFactory.initializeBean(AbstractAutowireCapableBeanFactory.java:1802)
	... 22 common frames omitted
Caused by: org.hibernate.exception.GenericJDBCException: Unable to open JDBC Connection for DDL execution [path to 'spring-ai-alibaba-integration-example/backend/src/main/resources/db/user.db': '/Users/ken/aliware/mse/ai/spring-ai-alibaba-examples/spring-ai-alibaba-integration-example/spring-ai-alibaba-integration-example' does not exist] [n/a]
	at org.hibernate.exception.internal.StandardSQLExceptionConverter.convert(StandardSQLExceptionConverter.java:63)
	at org.hibernate.engine.jdbc.spi.SqlExceptionHelper.convert(SqlExceptionHelper.java:108)
	at org.hibernate.engine.jdbc.spi.SqlExceptionHelper.convert(SqlExceptionHelper.java:94)
	at org.hibernate.resource.transaction.backend.jdbc.internal.DdlTransactionIsolatorNonJtaImpl.getIsolatedConnection(DdlTransactionIsolatorNonJtaImpl.java:74)
	at org.hibernate.tool.schema.internal.exec.GenerationTargetToDatabase.getIsolatedConnection(GenerationTargetToDatabase.java:60)
	at org.hibernate.tool.schema.internal.exec.GenerationTargetToDatabase.jdbcStatement(GenerationTargetToDatabase.java:112)
	at org.hibernate.tool.schema.internal.exec.GenerationTargetToDatabase.accept(GenerationTargetToDatabase.java:79)
	at org.hibernate.tool.schema.internal.Helper.applySqlString(Helper.java:233)
	at org.hibernate.tool.schema.internal.Helper.applySqlStrings(Helper.java:217)
	at org.hibernate.tool.schema.internal.SchemaDropperImpl.dropTables(SchemaDropperImpl.java:381)
	at org.hibernate.tool.schema.internal.SchemaDropperImpl.dropConstraintsTablesSequences(SchemaDropperImpl.java:253)
	at org.hibernate.tool.schema.internal.SchemaDropperImpl.dropFromMetadata(SchemaDropperImpl.java:215)
	at org.hibernate.tool.schema.internal.SchemaDropperImpl.performDrop(SchemaDropperImpl.java:185)
	at org.hibernate.tool.schema.internal.SchemaDropperImpl.doDrop(SchemaDropperImpl.java:155)
	at org.hibernate.tool.schema.internal.SchemaDropperImpl.doDrop(SchemaDropperImpl.java:115)
	at org.hibernate.tool.schema.spi.SchemaManagementToolCoordinator.performDatabaseAction(SchemaManagementToolCoordinator.java:238)
	at org.hibernate.tool.schema.spi.SchemaManagementToolCoordinator.lambda$process$5(SchemaManagementToolCoordinator.java:144)
	at java.base/java.util.HashMap.forEach(HashMap.java:1421)
	at org.hibernate.tool.schema.spi.SchemaManagementToolCoordinator.process(SchemaManagementToolCoordinator.java:141)
	at org.hibernate.boot.internal.SessionFactoryObserverForSchemaExport.sessionFactoryCreated(SessionFactoryObserverForSchemaExport.java:37)
	at org.hibernate.internal.SessionFactoryObserverChain.sessionFactoryCreated(SessionFactoryObserverChain.java:35)
	at org.hibernate.internal.SessionFactoryImpl.<init>(SessionFactoryImpl.java:322)
	at org.hibernate.boot.internal.SessionFactoryBuilderImpl.build(SessionFactoryBuilderImpl.java:457)
	at org.hibernate.jpa.boot.internal.EntityManagerFactoryBuilderImpl.build(EntityManagerFactoryBuilderImpl.java:1506)
	at org.springframework.orm.jpa.vendor.SpringHibernateJpaPersistenceProvider.createContainerEntityManagerFactory(SpringHibernateJpaPersistenceProvider.java:75)
	at org.springframework.orm.jpa.LocalContainerEntityManagerFactoryBean.createNativeEntityManagerFactory(LocalContainerEntityManagerFactoryBean.java:390)
	at org.springframework.orm.jpa.AbstractEntityManagerFactoryBean.buildNativeEntityManagerFactory(AbstractEntityManagerFactoryBean.java:409)
	... 26 common frames omitted
Caused by: java.sql.SQLException: path to 'spring-ai-alibaba-integration-example/backend/src/main/resources/db/user.db': '/Users/ken/aliware/mse/ai/spring-ai-alibaba-examples/spring-ai-alibaba-integration-example/spring-ai-alibaba-integration-example' does not exist
	at org.sqlite.SQLiteConnection.open(SQLiteConnection.java:261)
	at org.sqlite.SQLiteConnection.<init>(SQLiteConnection.java:67)
	at org.sqlite.jdbc3.JDBC3Connection.<init>(JDBC3Connection.java:28)
	at org.sqlite.jdbc4.JDBC4Connection.<init>(JDBC4Connection.java:19)
	at org.sqlite.JDBC.createConnection(JDBC.java:106)
	at org.sqlite.JDBC.connect(JDBC.java:79)
	at com.zaxxer.hikari.util.DriverDataSource.getConnection(DriverDataSource.java:120)
	at com.zaxxer.hikari.pool.PoolBase.newConnection(PoolBase.java:360)
	at com.zaxxer.hikari.pool.PoolBase.newPoolEntry(PoolBase.java:202)
	at com.zaxxer.hikari.pool.HikariPool.createPoolEntry(HikariPool.java:461)
	at com.zaxxer.hikari.pool.HikariPool.checkFailFast(HikariPool.java:550)
	at com.zaxxer.hikari.pool.HikariPool.<init>(HikariPool.java:98)
	at com.zaxxer.hikari.HikariDataSource.getConnection(HikariDataSource.java:111)
	at org.hibernate.engine.jdbc.connections.internal.DatasourceConnectionProviderImpl.getConnection(DatasourceConnectionProviderImpl.java:122)
	at org.hibernate.engine.jdbc.env.internal.JdbcEnvironmentInitiator$ConnectionProviderJdbcConnectionAccess.obtainConnection(JdbcEnvironmentInitiator.java:437)
	at org.hibernate.resource.transaction.backend.jdbc.internal.DdlTransactionIsolatorNonJtaImpl.getIsolatedConnection(DdlTransactionIsolatorNonJtaImpl.java:46)
	... 49 common frames omitted
2025-03-15 12:30:24.019 [Thread-14] WARN  com.alibaba.nacos.common.http.HttpClientBeanHolder Line:102 - [HttpClientBeanHolder] Start destroying common HttpClient
2025-03-15 12:30:24.019 [Thread-1] WARN  com.alibaba.nacos.common.executor.ThreadPoolManager Line:54  - [ThreadPoolManager] Start destroying ThreadPool
2025-03-15 12:30:24.040 [Thread-1] WARN  com.alibaba.nacos.common.executor.ThreadPoolManager Line:56  - [ThreadPoolManager] Destruction of the end
2025-03-15 12:30:24.046 [Thread-14] WARN  com.alibaba.nacos.common.http.HttpClientBeanHolder Line:111 - [HttpClientBeanHolder] Destruction of the end
2025-03-15 12:30:25.693 [main] INFO  com.alibaba.nacos.client.logging.NacosLogging Line:52  - Nacos Logging Adapter Builder: com.alibaba.nacos.logger.adapter.logback12.LogbackNacosLoggingAdapterBuilder
2025-03-15 12:30:25.698 [main] INFO  com.alibaba.nacos.client.logging.NacosLogging Line:52  - Nacos Logging Adapter Builder: com.alibaba.nacos.logger.adapter.logback14.LogbackNacosLoggingAdapterBuilder
2025-03-15 12:30:25.699 [main] INFO  com.alibaba.nacos.client.logging.NacosLogging Line:55  - Nacos Logging Adapter: com.alibaba.nacos.logger.adapter.logback14.LogbackNacosLoggingAdapter match ch.qos.logback.classic.Logger success.
2025-03-15 12:30:25.708 [main] INFO  com.alibaba.nacos.client.logging.NacosLogging Line:52  - Nacos Logging Adapter Builder: com.alibaba.nacos.logger.adapter.log4j2.Log4j2NacosLoggingAdapterBuilder
2025-03-15 12:30:25.807 [main] INFO  com.alibaba.cloud.ai.application.SpringAIIntegrationApplication Line:50  - Starting SpringAIIntegrationApplication using Java 17.0.2 with PID 38849 (/Users/ken/aliware/mse/ai/spring-ai-alibaba-examples/spring-ai-alibaba-integration-example/backend/target/app.jar started by ken in /Users/ken/aliware/mse/ai/spring-ai-alibaba-examples/spring-ai-alibaba-integration-example)
2025-03-15 12:30:25.808 [main] INFO  com.alibaba.cloud.ai.application.SpringAIIntegrationApplication Line:660 - The following 1 profile is active: "dev"
2025-03-15 12:30:26.513 [main] INFO  org.springframework.data.repository.config.RepositoryConfigurationDelegate Line:143 - Bootstrapping Spring Data JPA repositories in DEFAULT mode.
2025-03-15 12:30:26.656 [main] INFO  org.springframework.data.repository.config.RepositoryConfigurationDelegate Line:211 - Finished Spring Data repository scanning in 135 ms. Found 1 JPA repository interface.
2025-03-15 12:30:26.818 [main] WARN  org.springframework.context.support.PostProcessorRegistrationDelegate$BeanPostProcessorChecker Line:429 - Bean 'com.alibaba.cloud.nacos.NacosConfigAutoConfiguration' of type [com.alibaba.cloud.nacos.NacosConfigAutoConfiguration] is not eligible for getting processed by all BeanPostProcessors (for example: not eligible for auto-proxying). The currently created BeanPostProcessor [nacosAnnotationProcessor] is declared through a non-static factory method on that class; consider declaring it as static instead.
2025-03-15 12:30:26.827 [main] WARN  org.springframework.context.support.PostProcessorRegistrationDelegate$BeanPostProcessorChecker Line:437 - Bean 'nacosConfigProperties' of type [com.alibaba.cloud.nacos.NacosConfigProperties] is not eligible for getting processed by all BeanPostProcessors (for example: not eligible for auto-proxying). Is this bean getting eagerly injected into a currently created BeanPostProcessor [nacosAnnotationProcessor]? Check the corresponding BeanPostProcessor declaration and its dependencies.
2025-03-15 12:30:26.887 [main] INFO  com.alibaba.nacos.plugin.auth.spi.client.ClientAuthPluginManager Line:56  - [ClientAuthPluginManager] Load ClientAuthService com.alibaba.nacos.client.auth.impl.NacosClientAuthServiceImpl success.
2025-03-15 12:30:26.887 [main] INFO  com.alibaba.nacos.plugin.auth.spi.client.ClientAuthPluginManager Line:56  - [ClientAuthPluginManager] Load ClientAuthService com.alibaba.nacos.client.auth.ram.RamClientAuthServiceImpl success.
2025-03-15 12:30:26.888 [main] WARN  org.springframework.context.support.PostProcessorRegistrationDelegate$BeanPostProcessorChecker Line:437 - Bean 'nacosConfigManager' of type [com.alibaba.cloud.nacos.NacosConfigManager] is not eligible for getting processed by all BeanPostProcessors (for example: not eligible for auto-proxying). Is this bean getting eagerly injected into a currently created BeanPostProcessor [nacosAnnotationProcessor]? Check the corresponding BeanPostProcessor declaration and its dependencies.
2025-03-15 12:30:27.239 [main] INFO  org.springframework.boot.web.embedded.tomcat.TomcatWebServer Line:111 - Tomcat initialized with port 8080 (http)
2025-03-15 12:30:27.246 [main] INFO  org.apache.coyote.http11.Http11NioProtocol Line:173 - Initializing ProtocolHandler ["http-nio-8080"]
2025-03-15 12:30:27.248 [main] INFO  org.apache.catalina.core.StandardService Line:173 - Starting service [Tomcat]
2025-03-15 12:30:27.248 [main] INFO  org.apache.catalina.core.StandardEngine Line:173 - Starting Servlet engine: [Apache Tomcat/10.1.28]
2025-03-15 12:30:27.276 [main] INFO  org.apache.catalina.core.ContainerBase.[Tomcat].[localhost].[/] Line:173 - Initializing Spring embedded WebApplicationContext
2025-03-15 12:30:27.276 [main] INFO  org.springframework.boot.web.servlet.context.ServletWebServerApplicationContext Line:296 - Root WebApplicationContext: initialization completed in 1442 ms
2025-03-15 12:30:27.421 [main] INFO  org.hibernate.jpa.internal.util.LogHelper Line:31  - HHH000204: Processing PersistenceUnitInfo [name: default]
2025-03-15 12:30:27.507 [main] INFO  org.hibernate.Version Line:44  - HHH000412: Hibernate ORM core version 6.5.2.Final
2025-03-15 12:30:27.551 [main] INFO  org.hibernate.cache.internal.RegionFactoryInitiator Line:50  - HHH000026: Second-level cache disabled
2025-03-15 12:30:27.880 [main] INFO  org.springframework.orm.jpa.persistenceunit.SpringPersistenceUnitInfo Line:87  - No LoadTimeWeaver setup: ignoring JPA class transformer
2025-03-15 12:30:28.751 [main] INFO  org.hibernate.engine.transaction.jta.platform.internal.JtaPlatformInitiator Line:59  - HHH000489: No JTA platform available (set 'hibernate.transaction.jta.platform' to enable JTA platform integration)
2025-03-15 12:30:28.772 [main] INFO  com.zaxxer.hikari.HikariDataSource Line:109 - HikariPool-1 - Starting...
2025-03-15 12:30:29.798 [main] WARN  org.hibernate.engine.jdbc.spi.SqlExceptionHelper Line:145 - SQL Error: 0, SQLState: null
2025-03-15 12:30:29.799 [main] ERROR org.hibernate.engine.jdbc.spi.SqlExceptionHelper Line:150 - path to 'spring-ai-alibaba-integration-example/backend/src/main/resources/db/user.db': '/Users/ken/aliware/mse/ai/spring-ai-alibaba-examples/spring-ai-alibaba-integration-example/spring-ai-alibaba-integration-example' does not exist
2025-03-15 12:30:29.805 [main] ERROR org.springframework.orm.jpa.LocalContainerEntityManagerFactoryBean Line:426 - Failed to initialize JPA EntityManagerFactory: [PersistenceUnit: default] Unable to build Hibernate SessionFactory; nested exception is org.hibernate.exception.GenericJDBCException: Unable to open JDBC Connection for DDL execution [path to 'spring-ai-alibaba-integration-example/backend/src/main/resources/db/user.db': '/Users/ken/aliware/mse/ai/spring-ai-alibaba-examples/spring-ai-alibaba-integration-example/spring-ai-alibaba-integration-example' does not exist] [n/a]
2025-03-15 12:30:29.806 [main] WARN  org.springframework.boot.web.servlet.context.AnnotationConfigServletWebServerApplicationContext Line:633 - Exception encountered during context initialization - cancelling refresh attempt: org.springframework.beans.factory.BeanCreationException: Error creating bean with name 'entityManagerFactory' defined in class path resource [org/springframework/boot/autoconfigure/orm/jpa/HibernateJpaConfiguration.class]: [PersistenceUnit: default] Unable to build Hibernate SessionFactory; nested exception is org.hibernate.exception.GenericJDBCException: Unable to open JDBC Connection for DDL execution [path to 'spring-ai-alibaba-integration-example/backend/src/main/resources/db/user.db': '/Users/ken/aliware/mse/ai/spring-ai-alibaba-examples/spring-ai-alibaba-integration-example/spring-ai-alibaba-integration-example' does not exist] [n/a]
2025-03-15 12:30:29.807 [main] INFO  org.apache.catalina.core.StandardService Line:173 - Stopping service [Tomcat]
2025-03-15 12:30:29.820 [main] INFO  org.springframework.boot.autoconfigure.logging.ConditionEvaluationReportLogger Line:82  - 

Error starting ApplicationContext. To display the condition evaluation report re-run your application with 'debug' enabled.
2025-03-15 12:30:29.834 [main] ERROR org.springframework.boot.SpringApplication Line:859 - Application run failed
org.springframework.beans.factory.BeanCreationException: Error creating bean with name 'entityManagerFactory' defined in class path resource [org/springframework/boot/autoconfigure/orm/jpa/HibernateJpaConfiguration.class]: [PersistenceUnit: default] Unable to build Hibernate SessionFactory; nested exception is org.hibernate.exception.GenericJDBCException: Unable to open JDBC Connection for DDL execution [path to 'spring-ai-alibaba-integration-example/backend/src/main/resources/db/user.db': '/Users/ken/aliware/mse/ai/spring-ai-alibaba-examples/spring-ai-alibaba-integration-example/spring-ai-alibaba-integration-example' does not exist] [n/a]
	at org.springframework.beans.factory.support.AbstractAutowireCapableBeanFactory.initializeBean(AbstractAutowireCapableBeanFactory.java:1806)
	at org.springframework.beans.factory.support.AbstractAutowireCapableBeanFactory.doCreateBean(AbstractAutowireCapableBeanFactory.java:600)
	at org.springframework.beans.factory.support.AbstractAutowireCapableBeanFactory.createBean(AbstractAutowireCapableBeanFactory.java:522)
	at org.springframework.beans.factory.support.AbstractBeanFactory.lambda$doGetBean$0(AbstractBeanFactory.java:337)
	at org.springframework.beans.factory.support.DefaultSingletonBeanRegistry.getSingleton(DefaultSingletonBeanRegistry.java:234)
	at org.springframework.beans.factory.support.AbstractBeanFactory.doGetBean(AbstractBeanFactory.java:335)
	at org.springframework.beans.factory.support.AbstractBeanFactory.getBean(AbstractBeanFactory.java:205)
	at org.springframework.context.support.AbstractApplicationContext.finishBeanFactoryInitialization(AbstractApplicationContext.java:954)
	at org.springframework.context.support.AbstractApplicationContext.refresh(AbstractApplicationContext.java:625)
	at org.springframework.boot.web.servlet.context.ServletWebServerApplicationContext.refresh(ServletWebServerApplicationContext.java:146)
	at org.springframework.boot.SpringApplication.refresh(SpringApplication.java:754)
	at org.springframework.boot.SpringApplication.refreshContext(SpringApplication.java:456)
	at org.springframework.boot.SpringApplication.run(SpringApplication.java:335)
	at org.springframework.boot.SpringApplication.run(SpringApplication.java:1363)
	at org.springframework.boot.SpringApplication.run(SpringApplication.java:1352)
	at com.alibaba.cloud.ai.application.SpringAIIntegrationApplication.main(SpringAIIntegrationApplication.java:36)
	at java.base/jdk.internal.reflect.NativeMethodAccessorImpl.invoke0(Native Method)
	at java.base/jdk.internal.reflect.NativeMethodAccessorImpl.invoke(NativeMethodAccessorImpl.java:77)
	at java.base/jdk.internal.reflect.DelegatingMethodAccessorImpl.invoke(DelegatingMethodAccessorImpl.java:43)
	at java.base/java.lang.reflect.Method.invoke(Method.java:568)
	at org.springframework.boot.loader.launch.Launcher.launch(Launcher.java:102)
	at org.springframework.boot.loader.launch.Launcher.launch(Launcher.java:64)
	at org.springframework.boot.loader.launch.JarLauncher.main(JarLauncher.java:40)
Caused by: jakarta.persistence.PersistenceException: [PersistenceUnit: default] Unable to build Hibernate SessionFactory; nested exception is org.hibernate.exception.GenericJDBCException: Unable to open JDBC Connection for DDL execution [path to 'spring-ai-alibaba-integration-example/backend/src/main/resources/db/user.db': '/Users/ken/aliware/mse/ai/spring-ai-alibaba-examples/spring-ai-alibaba-integration-example/spring-ai-alibaba-integration-example' does not exist] [n/a]
	at org.springframework.orm.jpa.AbstractEntityManagerFactoryBean.buildNativeEntityManagerFactory(AbstractEntityManagerFactoryBean.java:421)
	at org.springframework.orm.jpa.AbstractEntityManagerFactoryBean.afterPropertiesSet(AbstractEntityManagerFactoryBean.java:396)
	at org.springframework.orm.jpa.LocalContainerEntityManagerFactoryBean.afterPropertiesSet(LocalContainerEntityManagerFactoryBean.java:366)
	at org.springframework.beans.factory.support.AbstractAutowireCapableBeanFactory.invokeInitMethods(AbstractAutowireCapableBeanFactory.java:1853)
	at org.springframework.beans.factory.support.AbstractAutowireCapableBeanFactory.initializeBean(AbstractAutowireCapableBeanFactory.java:1802)
	... 22 common frames omitted
Caused by: org.hibernate.exception.GenericJDBCException: Unable to open JDBC Connection for DDL execution [path to 'spring-ai-alibaba-integration-example/backend/src/main/resources/db/user.db': '/Users/ken/aliware/mse/ai/spring-ai-alibaba-examples/spring-ai-alibaba-integration-example/spring-ai-alibaba-integration-example' does not exist] [n/a]
	at org.hibernate.exception.internal.StandardSQLExceptionConverter.convert(StandardSQLExceptionConverter.java:63)
	at org.hibernate.engine.jdbc.spi.SqlExceptionHelper.convert(SqlExceptionHelper.java:108)
	at org.hibernate.engine.jdbc.spi.SqlExceptionHelper.convert(SqlExceptionHelper.java:94)
	at org.hibernate.resource.transaction.backend.jdbc.internal.DdlTransactionIsolatorNonJtaImpl.getIsolatedConnection(DdlTransactionIsolatorNonJtaImpl.java:74)
	at org.hibernate.tool.schema.internal.exec.GenerationTargetToDatabase.getIsolatedConnection(GenerationTargetToDatabase.java:60)
	at org.hibernate.tool.schema.internal.exec.GenerationTargetToDatabase.jdbcStatement(GenerationTargetToDatabase.java:112)
	at org.hibernate.tool.schema.internal.exec.GenerationTargetToDatabase.accept(GenerationTargetToDatabase.java:79)
	at org.hibernate.tool.schema.internal.Helper.applySqlString(Helper.java:233)
	at org.hibernate.tool.schema.internal.Helper.applySqlStrings(Helper.java:217)
	at org.hibernate.tool.schema.internal.SchemaDropperImpl.dropTables(SchemaDropperImpl.java:381)
	at org.hibernate.tool.schema.internal.SchemaDropperImpl.dropConstraintsTablesSequences(SchemaDropperImpl.java:253)
	at org.hibernate.tool.schema.internal.SchemaDropperImpl.dropFromMetadata(SchemaDropperImpl.java:215)
	at org.hibernate.tool.schema.internal.SchemaDropperImpl.performDrop(SchemaDropperImpl.java:185)
	at org.hibernate.tool.schema.internal.SchemaDropperImpl.doDrop(SchemaDropperImpl.java:155)
	at org.hibernate.tool.schema.internal.SchemaDropperImpl.doDrop(SchemaDropperImpl.java:115)
	at org.hibernate.tool.schema.spi.SchemaManagementToolCoordinator.performDatabaseAction(SchemaManagementToolCoordinator.java:238)
	at org.hibernate.tool.schema.spi.SchemaManagementToolCoordinator.lambda$process$5(SchemaManagementToolCoordinator.java:144)
	at java.base/java.util.HashMap.forEach(HashMap.java:1421)
	at org.hibernate.tool.schema.spi.SchemaManagementToolCoordinator.process(SchemaManagementToolCoordinator.java:141)
	at org.hibernate.boot.internal.SessionFactoryObserverForSchemaExport.sessionFactoryCreated(SessionFactoryObserverForSchemaExport.java:37)
	at org.hibernate.internal.SessionFactoryObserverChain.sessionFactoryCreated(SessionFactoryObserverChain.java:35)
	at org.hibernate.internal.SessionFactoryImpl.<init>(SessionFactoryImpl.java:322)
	at org.hibernate.boot.internal.SessionFactoryBuilderImpl.build(SessionFactoryBuilderImpl.java:457)
	at org.hibernate.jpa.boot.internal.EntityManagerFactoryBuilderImpl.build(EntityManagerFactoryBuilderImpl.java:1506)
	at org.springframework.orm.jpa.vendor.SpringHibernateJpaPersistenceProvider.createContainerEntityManagerFactory(SpringHibernateJpaPersistenceProvider.java:75)
	at org.springframework.orm.jpa.LocalContainerEntityManagerFactoryBean.createNativeEntityManagerFactory(LocalContainerEntityManagerFactoryBean.java:390)
	at org.springframework.orm.jpa.AbstractEntityManagerFactoryBean.buildNativeEntityManagerFactory(AbstractEntityManagerFactoryBean.java:409)
	... 26 common frames omitted
Caused by: java.sql.SQLException: path to 'spring-ai-alibaba-integration-example/backend/src/main/resources/db/user.db': '/Users/ken/aliware/mse/ai/spring-ai-alibaba-examples/spring-ai-alibaba-integration-example/spring-ai-alibaba-integration-example' does not exist
	at org.sqlite.SQLiteConnection.open(SQLiteConnection.java:261)
	at org.sqlite.SQLiteConnection.<init>(SQLiteConnection.java:67)
	at org.sqlite.jdbc3.JDBC3Connection.<init>(JDBC3Connection.java:28)
	at org.sqlite.jdbc4.JDBC4Connection.<init>(JDBC4Connection.java:19)
	at org.sqlite.JDBC.createConnection(JDBC.java:106)
	at org.sqlite.JDBC.connect(JDBC.java:79)
	at com.zaxxer.hikari.util.DriverDataSource.getConnection(DriverDataSource.java:120)
	at com.zaxxer.hikari.pool.PoolBase.newConnection(PoolBase.java:360)
	at com.zaxxer.hikari.pool.PoolBase.newPoolEntry(PoolBase.java:202)
	at com.zaxxer.hikari.pool.HikariPool.createPoolEntry(HikariPool.java:461)
	at com.zaxxer.hikari.pool.HikariPool.checkFailFast(HikariPool.java:550)
	at com.zaxxer.hikari.pool.HikariPool.<init>(HikariPool.java:98)
	at com.zaxxer.hikari.HikariDataSource.getConnection(HikariDataSource.java:111)
	at org.hibernate.engine.jdbc.connections.internal.DatasourceConnectionProviderImpl.getConnection(DatasourceConnectionProviderImpl.java:122)
	at org.hibernate.engine.jdbc.env.internal.JdbcEnvironmentInitiator$ConnectionProviderJdbcConnectionAccess.obtainConnection(JdbcEnvironmentInitiator.java:437)
	at org.hibernate.resource.transaction.backend.jdbc.internal.DdlTransactionIsolatorNonJtaImpl.getIsolatedConnection(DdlTransactionIsolatorNonJtaImpl.java:46)
	... 49 common frames omitted
2025-03-15 12:31:51.329 [Thread-1] WARN  com.alibaba.nacos.common.executor.ThreadPoolManager Line:54  - [ThreadPoolManager] Start destroying ThreadPool
2025-03-15 12:31:51.329 [Thread-14] WARN  com.alibaba.nacos.common.http.HttpClientBeanHolder Line:102 - [HttpClientBeanHolder] Start destroying common HttpClient
2025-03-15 12:31:51.335 [Thread-1] WARN  com.alibaba.nacos.common.executor.ThreadPoolManager Line:56  - [ThreadPoolManager] Destruction of the end
2025-03-15 12:32:53.174 [main] INFO  com.alibaba.nacos.client.logging.NacosLogging Line:52  - Nacos Logging Adapter Builder: com.alibaba.nacos.logger.adapter.logback12.LogbackNacosLoggingAdapterBuilder
2025-03-15 12:32:53.182 [main] INFO  com.alibaba.nacos.client.logging.NacosLogging Line:52  - Nacos Logging Adapter Builder: com.alibaba.nacos.logger.adapter.logback14.LogbackNacosLoggingAdapterBuilder
2025-03-15 12:32:53.183 [main] INFO  com.alibaba.nacos.client.logging.NacosLogging Line:55  - Nacos Logging Adapter: com.alibaba.nacos.logger.adapter.logback14.LogbackNacosLoggingAdapter match ch.qos.logback.classic.Logger success.
2025-03-15 12:32:53.191 [main] INFO  com.alibaba.nacos.client.logging.NacosLogging Line:52  - Nacos Logging Adapter Builder: com.alibaba.nacos.logger.adapter.log4j2.Log4j2NacosLoggingAdapterBuilder
2025-03-15 12:32:53.280 [main] INFO  com.alibaba.cloud.ai.application.SpringAIIntegrationApplication Line:50  - Starting SpringAIIntegrationApplication using Java 17.0.2 with PID 39387 (/Users/ken/aliware/mse/ai/spring-ai-alibaba-examples/spring-ai-alibaba-integration-example/backend/target/app.jar started by ken in /Users/ken/aliware/mse/ai/spring-ai-alibaba-examples/spring-ai-alibaba-integration-example)
2025-03-15 12:32:53.281 [main] INFO  com.alibaba.cloud.ai.application.SpringAIIntegrationApplication Line:660 - The following 1 profile is active: "dev"
2025-03-15 12:32:53.925 [main] INFO  org.springframework.data.repository.config.RepositoryConfigurationDelegate Line:143 - Bootstrapping Spring Data JPA repositories in DEFAULT mode.
2025-03-15 12:32:54.115 [main] INFO  org.springframework.data.repository.config.RepositoryConfigurationDelegate Line:211 - Finished Spring Data repository scanning in 181 ms. Found 1 JPA repository interface.
2025-03-15 12:32:54.285 [main] WARN  org.springframework.context.support.PostProcessorRegistrationDelegate$BeanPostProcessorChecker Line:429 - Bean 'com.alibaba.cloud.nacos.NacosConfigAutoConfiguration' of type [com.alibaba.cloud.nacos.NacosConfigAutoConfiguration] is not eligible for getting processed by all BeanPostProcessors (for example: not eligible for auto-proxying). The currently created BeanPostProcessor [nacosAnnotationProcessor] is declared through a non-static factory method on that class; consider declaring it as static instead.
2025-03-15 12:32:54.294 [main] WARN  org.springframework.context.support.PostProcessorRegistrationDelegate$BeanPostProcessorChecker Line:437 - Bean 'nacosConfigProperties' of type [com.alibaba.cloud.nacos.NacosConfigProperties] is not eligible for getting processed by all BeanPostProcessors (for example: not eligible for auto-proxying). Is this bean getting eagerly injected into a currently created BeanPostProcessor [nacosAnnotationProcessor]? Check the corresponding BeanPostProcessor declaration and its dependencies.
2025-03-15 12:32:54.352 [main] INFO  com.alibaba.nacos.plugin.auth.spi.client.ClientAuthPluginManager Line:56  - [ClientAuthPluginManager] Load ClientAuthService com.alibaba.nacos.client.auth.impl.NacosClientAuthServiceImpl success.
2025-03-15 12:32:54.353 [main] INFO  com.alibaba.nacos.plugin.auth.spi.client.ClientAuthPluginManager Line:56  - [ClientAuthPluginManager] Load ClientAuthService com.alibaba.nacos.client.auth.ram.RamClientAuthServiceImpl success.
2025-03-15 12:32:54.354 [main] WARN  org.springframework.context.support.PostProcessorRegistrationDelegate$BeanPostProcessorChecker Line:437 - Bean 'nacosConfigManager' of type [com.alibaba.cloud.nacos.NacosConfigManager] is not eligible for getting processed by all BeanPostProcessors (for example: not eligible for auto-proxying). Is this bean getting eagerly injected into a currently created BeanPostProcessor [nacosAnnotationProcessor]? Check the corresponding BeanPostProcessor declaration and its dependencies.
2025-03-15 12:32:54.723 [main] INFO  org.springframework.boot.web.embedded.tomcat.TomcatWebServer Line:111 - Tomcat initialized with port 8080 (http)
2025-03-15 12:32:54.729 [main] INFO  org.apache.coyote.http11.Http11NioProtocol Line:173 - Initializing ProtocolHandler ["http-nio-8080"]
2025-03-15 12:32:54.731 [main] INFO  org.apache.catalina.core.StandardService Line:173 - Starting service [Tomcat]
2025-03-15 12:32:54.731 [main] INFO  org.apache.catalina.core.StandardEngine Line:173 - Starting Servlet engine: [Apache Tomcat/10.1.28]
2025-03-15 12:32:54.759 [main] INFO  org.apache.catalina.core.ContainerBase.[Tomcat].[localhost].[/] Line:173 - Initializing Spring embedded WebApplicationContext
2025-03-15 12:32:54.759 [main] INFO  org.springframework.boot.web.servlet.context.ServletWebServerApplicationContext Line:296 - Root WebApplicationContext: initialization completed in 1451 ms
2025-03-15 12:32:54.909 [main] INFO  org.hibernate.jpa.internal.util.LogHelper Line:31  - HHH000204: Processing PersistenceUnitInfo [name: default]
2025-03-15 12:32:55.097 [main] INFO  org.hibernate.Version Line:44  - HHH000412: Hibernate ORM core version 6.5.2.Final
2025-03-15 12:32:55.156 [main] INFO  org.hibernate.cache.internal.RegionFactoryInitiator Line:50  - HHH000026: Second-level cache disabled
2025-03-15 12:32:55.597 [main] INFO  org.springframework.orm.jpa.persistenceunit.SpringPersistenceUnitInfo Line:87  - No LoadTimeWeaver setup: ignoring JPA class transformer
2025-03-15 12:32:56.596 [main] INFO  org.hibernate.engine.transaction.jta.platform.internal.JtaPlatformInitiator Line:59  - HHH000489: No JTA platform available (set 'hibernate.transaction.jta.platform' to enable JTA platform integration)
2025-03-15 12:32:56.619 [main] INFO  com.zaxxer.hikari.HikariDataSource Line:109 - HikariPool-1 - Starting...
2025-03-15 12:32:56.980 [main] INFO  com.zaxxer.hikari.pool.HikariPool Line:554 - HikariPool-1 - Added connection org.sqlite.jdbc4.JDBC4Connection@272485a6
2025-03-15 12:32:56.982 [main] INFO  com.zaxxer.hikari.HikariDataSource Line:122 - HikariPool-1 - Start completed.
2025-03-15 12:32:57.001 [main] INFO  org.springframework.orm.jpa.LocalContainerEntityManagerFactoryBean Line:437 - Initialized JPA EntityManagerFactory for persistence unit 'default'
2025-03-15 12:32:58.007 [main] WARN  org.springframework.boot.autoconfigure.orm.jpa.JpaBaseConfiguration$JpaWebConfiguration Line:236 - spring.jpa.open-in-view is enabled by default. Therefore, database queries may be performed during view rendering. Explicitly configure spring.jpa.open-in-view to disable this warning
2025-03-15 12:32:58.019 [main] INFO  org.springframework.boot.autoconfigure.web.servlet.WelcomePageHandlerMapping Line:59  - Adding welcome page: class path resource [static/index.html]
2025-03-15 12:33:00.287 [main] INFO  com.alibaba.cloud.nacos.annotation.NacosAnnotationProcessor Line:74  - [Nacos Config] Listening config for annotation: dataId=spring.ai.alibaba.configurable.prompt, group=DEFAULT_GROUP
2025-03-15 12:33:00.301 [main] INFO  com.alibaba.cloud.nacos.annotation.NacosAnnotationProcessor Line:217 - [Nacos Config] register configurablePromptTemplateFactory#method#onConfigChange(List) listener on com.alibaba.cloud.ai.prompt.ConfigurablePromptTemplateFactory@1a288163 
2025-03-15 12:33:00.301 [main] INFO  com.alibaba.cloud.nacos.annotation.NacosAnnotationProcessor Line:285 - [Nacos Config] init notify listener of configurablePromptTemplateFactory#method#onConfigChange(List)  on com.alibaba.cloud.ai.prompt.ConfigurablePromptTemplateFactory@1a288163 start...
2025-03-15 12:33:00.338 [main] INFO  com.alibaba.cloud.ai.prompt.ConfigurablePromptTemplateFactory Line:66  - OnPromptTemplateConfigChange,templateName:test-template,template:列出这个 {author}比较有名的书，只需要书名即可，书名前面拼上出版时间.,model:{author=朱自清}
2025-03-15 12:33:00.338 [main] INFO  com.alibaba.cloud.nacos.annotation.NacosAnnotationProcessor Line:288 - [Nacos Config] init notify listener of configurablePromptTemplateFactory#method#onConfigChange(List)  on com.alibaba.cloud.ai.prompt.ConfigurablePromptTemplateFactory@1a288163 finished 
2025-03-15 12:33:00.525 [main] ERROR io.netty.resolver.dns.DnsServerAddressStreamProviders Line:79  - Unable to load io.netty.resolver.dns.macos.MacOSDnsServerAddressStreamProvider, fallback to system defaults. This may result in incorrect DNS resolutions on MacOS. Check whether you have a dependency on 'io.netty:netty-resolver-dns-native-macos'. Use DEBUG level to see the full stack: java.lang.UnsatisfiedLinkError: failed to load the required native library
2025-03-15 12:33:00.533 [main] INFO  org.apache.coyote.http11.Http11NioProtocol Line:173 - Starting ProtocolHandler ["http-nio-8080"]
2025-03-15 12:33:00.540 [main] INFO  org.springframework.boot.web.embedded.tomcat.TomcatWebServer Line:243 - Tomcat started on port 8080 (http) with context path '/'
2025-03-15 12:33:00.558 [main] INFO  com.alibaba.cloud.ai.application.SpringAIIntegrationApplication Line:56  - Started SpringAIIntegrationApplication in 7.733 seconds (process running for 8.085)
2025-03-15 12:33:00.560 [main] INFO  com.alibaba.cloud.ai.application.config.TmpFolderConfig Line:48  - Init tmp folder
2025-03-15 12:33:00.561 [main] INFO  com.alibaba.cloud.ai.application.utils.FilesUtils Line:56  - Init tmp folder: /Users/ken/aliware/mse/ai/spring-ai-alibaba-examples/spring-ai-alibaba-integration-example/tmp/image
2025-03-15 12:33:00.561 [main] INFO  com.alibaba.cloud.ai.application.utils.FilesUtils Line:56  - Init tmp folder: /Users/ken/aliware/mse/ai/spring-ai-alibaba-examples/spring-ai-alibaba-integration-example/tmp/audio
2025-03-15 12:33:00.561 [main] INFO  com.alibaba.cloud.ai.application.config.TmpFolderConfig Line:53  - Init tmp folder
2025-03-15 12:33:23.200 [Thread-1] WARN  com.alibaba.nacos.common.executor.ThreadPoolManager Line:54  - [ThreadPoolManager] Start destroying ThreadPool
2025-03-15 12:33:23.200 [Thread-16] WARN  com.alibaba.nacos.common.notify.NotifyCenter Line:134 - [NotifyCenter] Start destroying Publisher
2025-03-15 12:33:23.200 [Thread-14] WARN  com.alibaba.nacos.common.http.HttpClientBeanHolder Line:102 - [HttpClientBeanHolder] Start destroying common HttpClient
2025-03-15 12:33:23.200 [Thread-16] WARN  com.alibaba.nacos.common.notify.NotifyCenter Line:151 - [NotifyCenter] Destruction of the end
2025-03-15 12:33:23.200 [Thread-1] WARN  com.alibaba.nacos.common.executor.ThreadPoolManager Line:56  - [ThreadPoolManager] Destruction of the end
2025-03-15 12:33:23.201 [Thread-14] WARN  com.alibaba.nacos.common.http.HttpClientBeanHolder Line:111 - [HttpClientBeanHolder] Destruction of the end
2025-03-15 12:33:26.930 [SpringApplicationShutdownHook] INFO  com.alibaba.cloud.ai.application.config.TmpFolderConfig Line:63  - Delete tmp folder
2025-03-15 12:33:26.930 [SpringApplicationShutdownHook] INFO  org.springframework.orm.jpa.LocalContainerEntityManagerFactoryBean Line:650 - Closing JPA EntityManagerFactory for persistence unit 'default'
2025-03-15 12:33:26.938 [SpringApplicationShutdownHook] INFO  com.zaxxer.hikari.HikariDataSource Line:349 - HikariPool-1 - Shutdown initiated...
2025-03-15 12:33:26.940 [SpringApplicationShutdownHook] INFO  com.zaxxer.hikari.HikariDataSource Line:351 - HikariPool-1 - Shutdown completed.
